py : E:\0_Python\dem-
2D\dem\src\core\polyg
on_collision.py:57: 
RuntimeWarning: 
invalid value 
encountered in divide
At line:1 char:1
+ py -3.12 test_profi
le_monitor.py > 
test_output.txt 2>&1
+ ~~~~~~~~~~~~~~~~~~~
~~~~~~~~~~~~~~~~~~~~~
~~~~~~~~~~~~~~~
    + CategoryInfo   
           : NotSpe  
  cified: (E:\0_Py   
 thon\dem...tered    
 in divide:Strin    
g) [], RemoteExc    
eption
    + FullyQualified 
   ErrorId : Native  
  CommandError
 
  axis = axis / 
np.linalg.norm(axis)
E:\0_Python\dem-2D\de
m\src\fvm\fluid_solve
r.py:545: 
RuntimeWarning: 
invalid value 
encountered in 
scalar multiply
  u_new[i, j] = u[i, 
j] + dt * nu_c * 
(d2u_dx2 + d2u_dy2)
E:\0_Python\dem-2D\de
m\src\fvm\fluid_solve
r.py:545: 
RuntimeWarning: 
overflow encountered 
in scalar multiply
  u_new[i, j] = u[i, 
j] + dt * nu_c * 
(d2u_dx2 + d2u_dy2)
E:\0_Python\dem-2D\de
m\src\fvm\fluid_solve
r.py:557: 
RuntimeWarning: 
invalid value 
encountered in 
scalar multiply
  v_new[i, j] = v[i, 
j] + dt * nu_c * 
(d2v_dx2 + d2v_dy2)
E:\0_Python\dem-2D\de
m\src\fvm\fluid_solve
r.py:557: 
RuntimeWarning: 
overflow encountered 
in scalar multiply
  v_new[i, j] = v[i, 
j] + dt * nu_c * 
(d2v_dx2 + d2v_dy2)
E:\0_Python\dem-2D\de
m\app\sediment_transp
ort_fvm_ibm.py:247: 
RuntimeWarning: 
overflow encountered 
in divide
  rhs = 
self.grid.div / 
self.dt
Testing Profile Monitor...
Initializing packed bed...
Initialized 61 particles (including wall). Target was 60.
Running loop...
t=0.10
t=0.20
t=0.30
t=0.40
t=0.50
t=0.60
Saving profiles...
Error: File not created.
